Log file created at: 2018/11/19 20:07:09
Running on machine: B000000094132g
Log line format: [IWEF]mmdd hh:mm:ss.uuuuuu threadid file:line] msg
I1119 20:07:09.458608 112145856 van.cc:320] Bind to role=worker, ip=172.24.187.29, port=56916, is_recovery=0
I1119 20:07:09.460404 112145856 van.cc:334] start news sub thread::receiver_thread_, function::Van::Receiving
I1119 20:07:09.460780 112145856 van.cc:414] ? => 1. Meta: request=0, timestamp=0, control={ cmd=ADD_NODE, node={ role=worker, ip=172.24.187.29, port=56916, is_recovery=0 } }
I1119 20:07:09.473394 155119616 van.cc:439] 1 => 2147483647. Meta: request=0, timestamp=0, control={ cmd=ADD_NODE, node={ role=worker, id=9, ip=172.24.187.29, port=56916, is_recovery=0 role=server, id=8, ip=172.24.187.29, port=56917, is_recovery=0 role=server, id=10, ip=172.24.187.29, port=56918, is_recovery=0 role=worker, id=11, ip=172.24.187.29, port=56919, is_recovery=0 role=worker, id=13, ip=172.24.187.29, port=56920, is_recovery=0 role=scheduler, id=1, ip=127.0.0.1, port=8000, is_recovery=0 } }
I1119 20:07:09.474148 155119616 van.cc:261] W[9] is connected to others
I1119 20:07:09.565142 112145856 van.cc:373] start news sub thread::heartbeat_thread_, function::Van::Heartbeat
I1119 20:07:09.565357 112145856 van.cc:414] ? => 1. Meta: request=1, timestamp=1, control={ cmd=BARRIER, barrier_group=7 }
I1119 20:07:09.574468 155119616 van.cc:439] 1 => 9. Meta: request=0, timestamp=6, control={ cmd=BARRIER, barrier_group=269327568 }
I1119 20:07:09.574647 112145856 customer.cc:18] start news sub thread::recv_thread_, function::Customer::Receiving
I1119 20:07:09.576412 112145856 van.cc:414] ? => 8. Meta: request=1, timestamp=0, app_id=0, customer_id=0, simple_app=0, push=1, head=0, data_type={ UINT64 FLOAT } Body: data_size=40008 data_size=20004
I1119 20:07:09.576539 112145856 van.cc:414] ? => 10. Meta: request=1, timestamp=0, app_id=0, customer_id=0, simple_app=0, push=1, head=0, data_type={ UINT64 FLOAT } Body: data_size=39992 data_size=19996
I1119 20:07:09.577498 112145856 van.cc:414] ? => 8. Meta: request=1, timestamp=1, app_id=0, customer_id=0, simple_app=0, push=1, head=0, data_type={ UINT64 FLOAT } Body: data_size=40008 data_size=20004
I1119 20:07:09.577549 112145856 van.cc:414] ? => 10. Meta: request=1, timestamp=1, app_id=0, customer_id=0, simple_app=0, push=1, head=0, data_type={ UINT64 FLOAT } Body: data_size=39992 data_size=19996
I1119 20:07:09.577734 112145856 van.cc:414] ? => 8. Meta: request=1, timestamp=2, app_id=0, customer_id=0, simple_app=0, push=1, head=0, data_type={ UINT64 FLOAT } Body: data_size=40008 data_size=20004
I1119 20:07:09.577795 112145856 van.cc:414] ? => 10. Meta: request=1, timestamp=2, app_id=0, customer_id=0, simple_app=0, push=1, head=0, data_type={ UINT64 FLOAT } Body: data_size=39992 data_size=19996
I1119 20:07:09.580991 112145856 van.cc:414] ? => 8. Meta: request=1, timestamp=3, app_id=0, customer_id=0, simple_app=0, push=1, head=0, data_type={ UINT64 FLOAT } Body: data_size=40008 data_size=20004
I1119 20:07:09.581060 112145856 van.cc:414] ? => 10. Meta: request=1, timestamp=3, app_id=0, customer_id=0, simple_app=0, push=1, head=0, data_type={ UINT64 FLOAT } Body: data_size=39992 data_size=19996
I1119 20:07:09.581852 112145856 van.cc:414] ? => 8. Meta: request=1, timestamp=4, app_id=0, customer_id=0, simple_app=0, push=1, head=0, data_type={ UINT64 FLOAT } Body: data_size=40008 data_size=20004
I1119 20:07:09.581905 112145856 van.cc:414] ? => 10. Meta: request=1, timestamp=4, app_id=0, customer_id=0, simple_app=0, push=1, head=0, data_type={ UINT64 FLOAT } Body: data_size=39992 data_size=19996
I1119 20:07:09.581997 112145856 van.cc:414] ? => 8. Meta: request=1, timestamp=5, app_id=0, customer_id=0, simple_app=0, push=1, head=0, data_type={ UINT64 FLOAT } Body: data_size=40008 data_size=20004
I1119 20:07:09.582033 112145856 van.cc:414] ? => 10. Meta: request=1, timestamp=5, app_id=0, customer_id=0, simple_app=0, push=1, head=0, data_type={ UINT64 FLOAT } Body: data_size=39992 data_size=19996
I1119 20:07:09.582178 112145856 van.cc:414] ? => 8. Meta: request=1, timestamp=6, app_id=0, customer_id=0, simple_app=0, push=1, head=0, data_type={ UINT64 FLOAT } Body: data_size=40008 data_size=20004
I1119 20:07:09.582262 112145856 van.cc:414] ? => 10. Meta: request=1, timestamp=6, app_id=0, customer_id=0, simple_app=0, push=1, head=0, data_type={ UINT64 FLOAT } Body: data_size=39992 data_size=19996
I1119 20:07:09.582387 112145856 van.cc:414] ? => 8. Meta: request=1, timestamp=7, app_id=0, customer_id=0, simple_app=0, push=1, head=0, data_type={ UINT64 FLOAT } Body: data_size=40008 data_size=20004
I1119 20:07:09.582419 112145856 van.cc:414] ? => 10. Meta: request=1, timestamp=7, app_id=0, customer_id=0, simple_app=0, push=1, head=0, data_type={ UINT64 FLOAT } Body: data_size=39992 data_size=19996
I1119 20:07:09.582561 112145856 van.cc:414] ? => 8. Meta: request=1, timestamp=8, app_id=0, customer_id=0, simple_app=0, push=1, head=0, data_type={ UINT64 FLOAT } Body: data_size=40008 data_size=20004
I1119 20:07:09.582594 112145856 van.cc:414] ? => 10. Meta: request=1, timestamp=8, app_id=0, customer_id=0, simple_app=0, push=1, head=0, data_type={ UINT64 FLOAT } Body: data_size=39992 data_size=19996
I1119 20:07:09.582717 112145856 van.cc:414] ? => 8. Meta: request=1, timestamp=9, app_id=0, customer_id=0, simple_app=0, push=1, head=0, data_type={ UINT64 FLOAT } Body: data_size=40008 data_size=20004
I1119 20:07:09.582748 112145856 van.cc:414] ? => 10. Meta: request=1, timestamp=9, app_id=0, customer_id=0, simple_app=0, push=1, head=0, data_type={ UINT64 FLOAT } Body: data_size=39992 data_size=19996
I1119 20:07:09.582939 112145856 van.cc:414] ? => 8. Meta: request=1, timestamp=10, app_id=0, customer_id=0, simple_app=0, push=1, head=0, data_type={ UINT64 FLOAT } Body: data_size=40008 data_size=20004
I1119 20:07:09.583039 112145856 van.cc:414] ? => 10. Meta: request=1, timestamp=10, app_id=0, customer_id=0, simple_app=0, push=1, head=0, data_type={ UINT64 FLOAT } Body: data_size=39992 data_size=19996
I1119 20:07:09.583235 112145856 van.cc:414] ? => 8. Meta: request=1, timestamp=11, app_id=0, customer_id=0, simple_app=0, push=1, head=0, data_type={ UINT64 FLOAT } Body: data_size=40008 data_size=20004
I1119 20:07:09.583283 112145856 van.cc:414] ? => 10. Meta: request=1, timestamp=11, app_id=0, customer_id=0, simple_app=0, push=1, head=0, data_type={ UINT64 FLOAT } Body: data_size=39992 data_size=19996
I1119 20:07:09.586083 155119616 van.cc:439] 10 => 9. Meta: request=0, timestamp=0, app_id=0, customer_id=0, simple_app=0, push=1, head=0
I1119 20:07:09.586154 155119616 van.cc:439] 8 => 9. Meta: request=0, timestamp=0, app_id=0, customer_id=0, simple_app=0, push=1, head=0
I1119 20:07:09.586678 155119616 van.cc:439] 8 => 9. Meta: request=0, timestamp=1, app_id=0, customer_id=0, simple_app=0, push=1, head=0
I1119 20:07:09.586791 155119616 van.cc:439] 10 => 9. Meta: request=0, timestamp=1, app_id=0, customer_id=0, simple_app=0, push=1, head=0
I1119 20:07:09.587539 155119616 van.cc:439] 8 => 9. Meta: request=0, timestamp=2, app_id=0, customer_id=0, simple_app=0, push=1, head=0
I1119 20:07:09.587600 155119616 van.cc:439] 10 => 9. Meta: request=0, timestamp=2, app_id=0, customer_id=0, simple_app=0, push=1, head=0
I1119 20:07:09.587890 112145856 van.cc:414] ? => 8. Meta: request=1, timestamp=12, app_id=0, customer_id=0, simple_app=0, push=1, head=0, data_type={ UINT64 FLOAT } Body: data_size=40008 data_size=20004
I1119 20:07:09.587945 112145856 van.cc:414] ? => 10. Meta: request=1, timestamp=12, app_id=0, customer_id=0, simple_app=0, push=1, head=0, data_type={ UINT64 FLOAT } Body: data_size=39992 data_size=19996
I1119 20:07:09.593926 155119616 van.cc:439] 8 => 9. Meta: request=0, timestamp=3, app_id=0, customer_id=0, simple_app=0, push=1, head=0
I1119 20:07:09.593997 155119616 van.cc:439] 8 => 9. Meta: request=0, timestamp=4, app_id=0, customer_id=0, simple_app=0, push=1, head=0
I1119 20:07:09.594919 155119616 van.cc:439] 8 => 9. Meta: request=0, timestamp=5, app_id=0, customer_id=0, simple_app=0, push=1, head=0
I1119 20:07:09.595422 155119616 van.cc:439] 10 => 9. Meta: request=0, timestamp=3, app_id=0, customer_id=0, simple_app=0, push=1, head=0
I1119 20:07:09.595496 155119616 van.cc:439] 8 => 9. Meta: request=0, timestamp=6, app_id=0, customer_id=0, simple_app=0, push=1, head=0
I1119 20:07:09.595751 155119616 van.cc:439] 10 => 9. Meta: request=0, timestamp=4, app_id=0, customer_id=0, simple_app=0, push=1, head=0
I1119 20:07:09.595818 155119616 van.cc:439] 8 => 9. Meta: request=0, timestamp=7, app_id=0, customer_id=0, simple_app=0, push=1, head=0
I1119 20:07:09.595890 155119616 van.cc:439] 10 => 9. Meta: request=0, timestamp=5, app_id=0, customer_id=0, simple_app=0, push=1, head=0
I1119 20:07:09.595906 112145856 van.cc:414] ? => 8. Meta: request=1, timestamp=13, app_id=0, customer_id=0, simple_app=0, push=1, head=0, data_type={ UINT64 FLOAT } Body: data_size=40008 data_size=20004
I1119 20:07:09.596223 112145856 van.cc:414] ? => 10. Meta: request=1, timestamp=13, app_id=0, customer_id=0, simple_app=0, push=1, head=0, data_type={ UINT64 FLOAT } Body: data_size=39992 data_size=19996
I1119 20:07:09.596379 112145856 van.cc:414] ? => 8. Meta: request=1, timestamp=14, app_id=0, customer_id=0, simple_app=0, push=1, head=0, data_type={ UINT64 FLOAT } Body: data_size=40008 data_size=20004
I1119 20:07:09.596419 112145856 van.cc:414] ? => 10. Meta: request=1, timestamp=14, app_id=0, customer_id=0, simple_app=0, push=1, head=0, data_type={ UINT64 FLOAT } Body: data_size=39992 data_size=19996
I1119 20:07:09.596560 155119616 van.cc:439] 10 => 9. Meta: request=0, timestamp=6, app_id=0, customer_id=0, simple_app=0, push=1, head=0
I1119 20:07:09.596566 112145856 van.cc:414] ? => 8. Meta: request=1, timestamp=15, app_id=0, customer_id=0, simple_app=0, push=1, head=0, data_type={ UINT64 FLOAT } Body: data_size=40008 data_size=20004
I1119 20:07:09.596765 155119616 van.cc:439] 8 => 9. Meta: request=0, timestamp=8, app_id=0, customer_id=0, simple_app=0, push=1, head=0
I1119 20:07:09.596843 112145856 van.cc:414] ? => 10. Meta: request=1, timestamp=15, app_id=0, customer_id=0, simple_app=0, push=1, head=0, data_type={ UINT64 FLOAT } Body: data_size=39992 data_size=19996
I1119 20:07:09.597247 155119616 van.cc:439] 10 => 9. Meta: request=0, timestamp=7, app_id=0, customer_id=0, simple_app=0, push=1, head=0
I1119 20:07:09.597378 112145856 van.cc:414] ? => 8. Meta: request=1, timestamp=16, app_id=0, customer_id=0, simple_app=0, push=1, head=0, data_type={ UINT64 FLOAT } Body: data_size=40008 data_size=20004
I1119 20:07:09.597556 155119616 van.cc:439] 8 => 9. Meta: request=0, timestamp=9, app_id=0, customer_id=0, simple_app=0, push=1, head=0
I1119 20:07:09.597677 112145856 van.cc:414] ? => 10. Meta: request=1, timestamp=16, app_id=0, customer_id=0, simple_app=0, push=1, head=0, data_type={ UINT64 FLOAT } Body: data_size=39992 data_size=19996
I1119 20:07:09.597831 155119616 van.cc:439] 10 => 9. Meta: request=0, timestamp=8, app_id=0, customer_id=0, simple_app=0, push=1, head=0
I1119 20:07:09.598093 112145856 van.cc:414] ? => 8. Meta: request=1, timestamp=17, app_id=0, customer_id=0, simple_app=0, push=1, head=0, data_type={ UINT64 FLOAT } Body: data_size=40008 data_size=20004
I1119 20:07:09.598337 155119616 van.cc:439] 8 => 9. Meta: request=0, timestamp=10, app_id=0, customer_id=0, simple_app=0, push=1, head=0
I1119 20:07:09.598546 112145856 van.cc:414] ? => 10. Meta: request=1, timestamp=17, app_id=0, customer_id=0, simple_app=0, push=1, head=0, data_type={ UINT64 FLOAT } Body: data_size=39992 data_size=19996
I1119 20:07:09.598871 155119616 van.cc:439] 10 => 9. Meta: request=0, timestamp=9, app_id=0, customer_id=0, simple_app=0, push=1, head=0
I1119 20:07:09.599382 112145856 van.cc:414] ? => 8. Meta: request=1, timestamp=18, app_id=0, customer_id=0, simple_app=0, push=1, head=0, data_type={ UINT64 FLOAT } Body: data_size=40008 data_size=20004
I1119 20:07:09.599571 155119616 van.cc:439] 8 => 9. Meta: request=0, timestamp=11, app_id=0, customer_id=0, simple_app=0, push=1, head=0
I1119 20:07:09.599839 112145856 van.cc:414] ? => 10. Meta: request=1, timestamp=18, app_id=0, customer_id=0, simple_app=0, push=1, head=0, data_type={ UINT64 FLOAT } Body: data_size=39992 data_size=19996
I1119 20:07:09.600149 155119616 van.cc:439] 10 => 9. Meta: request=0, timestamp=10, app_id=0, customer_id=0, simple_app=0, push=1, head=0
I1119 20:07:09.600587 112145856 van.cc:414] ? => 8. Meta: request=1, timestamp=19, app_id=0, customer_id=0, simple_app=0, push=1, head=0, data_type={ UINT64 FLOAT } Body: data_size=40008 data_size=20004
I1119 20:07:09.601094 155119616 van.cc:439] 8 => 9. Meta: request=0, timestamp=12, app_id=0, customer_id=0, simple_app=0, push=1, head=0
I1119 20:07:09.601572 112145856 van.cc:414] ? => 10. Meta: request=1, timestamp=19, app_id=0, customer_id=0, simple_app=0, push=1, head=0, data_type={ UINT64 FLOAT } Body: data_size=39992 data_size=19996
I1119 20:07:09.601877 155119616 van.cc:439] 10 => 9. Meta: request=0, timestamp=11, app_id=0, customer_id=0, simple_app=0, push=1, head=0
I1119 20:07:09.602361 112145856 van.cc:414] ? => 8. Meta: request=1, timestamp=20, app_id=0, customer_id=0, simple_app=0, push=1, head=0, data_type={ UINT64 FLOAT } Body: data_size=40008 data_size=20004
I1119 20:07:09.602916 155119616 van.cc:439] 10 => 9. Meta: request=0, timestamp=12, app_id=0, customer_id=0, simple_app=0, push=1, head=0
I1119 20:07:09.606333 112145856 van.cc:414] ? => 10. Meta: request=1, timestamp=20, app_id=0, customer_id=0, simple_app=0, push=1, head=0, data_type={ UINT64 FLOAT } Body: data_size=39992 data_size=19996
I1119 20:07:09.607522 155119616 van.cc:439] 8 => 9. Meta: request=0, timestamp=13, app_id=0, customer_id=0, simple_app=0, push=1, head=0
I1119 20:07:09.608930 112145856 van.cc:414] ? => 8. Meta: request=1, timestamp=21, app_id=0, customer_id=0, simple_app=0, push=1, head=0, data_type={ UINT64 FLOAT } Body: data_size=40008 data_size=20004
I1119 20:07:09.613910 155119616 van.cc:439] 8 => 9. Meta: request=0, timestamp=14, app_id=0, customer_id=0, simple_app=0, push=1, head=0
I1119 20:07:09.614904 112145856 van.cc:414] ? => 10. Meta: request=1, timestamp=21, app_id=0, customer_id=0, simple_app=0, push=1, head=0, data_type={ UINT64 FLOAT } Body: data_size=39992 data_size=19996
I1119 20:07:09.615653 155119616 van.cc:439] 8 => 9. Meta: request=0, timestamp=15, app_id=0, customer_id=0, simple_app=0, push=1, head=0
I1119 20:07:09.616695 112145856 van.cc:414] ? => 8. Meta: request=1, timestamp=22, app_id=0, customer_id=0, simple_app=0, push=1, head=0, data_type={ UINT64 FLOAT } Body: data_size=40008 data_size=20004
I1119 20:07:09.617627 155119616 van.cc:439] 8 => 9. Meta: request=0, timestamp=16, app_id=0, customer_id=0, simple_app=0, push=1, head=0
I1119 20:07:09.618551 112145856 van.cc:414] ? => 10. Meta: request=1, timestamp=22, app_id=0, customer_id=0, simple_app=0, push=1, head=0, data_type={ UINT64 FLOAT } Body: data_size=39992 data_size=19996
I1119 20:07:09.619160 155119616 van.cc:439] 8 => 9. Meta: request=0, timestamp=17, app_id=0, customer_id=0, simple_app=0, push=1, head=0
I1119 20:07:09.620049 155119616 van.cc:439] 8 => 9. Meta: request=0, timestamp=18, app_id=0, customer_id=0, simple_app=0, push=1, head=0
I1119 20:07:09.620084 155119616 van.cc:439] 8 => 9. Meta: request=0, timestamp=19, app_id=0, customer_id=0, simple_app=0, push=1, head=0
I1119 20:07:09.620111 155119616 van.cc:439] 8 => 9. Meta: request=0, timestamp=20, app_id=0, customer_id=0, simple_app=0, push=1, head=0
I1119 20:07:09.620137 155119616 van.cc:439] 8 => 9. Meta: request=0, timestamp=21, app_id=0, customer_id=0, simple_app=0, push=1, head=0
I1119 20:07:09.620182 155119616 van.cc:439] 10 => 9. Meta: request=0, timestamp=13, app_id=0, customer_id=0, simple_app=0, push=1, head=0
I1119 20:07:09.620208 155119616 van.cc:439] 10 => 9. Meta: request=0, timestamp=14, app_id=0, customer_id=0, simple_app=0, push=1, head=0
I1119 20:07:09.620234 155119616 van.cc:439] 10 => 9. Meta: request=0, timestamp=15, app_id=0, customer_id=0, simple_app=0, push=1, head=0
I1119 20:07:09.620262 155119616 van.cc:439] 10 => 9. Meta: request=0, timestamp=16, app_id=0, customer_id=0, simple_app=0, push=1, head=0
I1119 20:07:09.620288 155119616 van.cc:439] 10 => 9. Meta: request=0, timestamp=17, app_id=0, customer_id=0, simple_app=0, push=1, head=0
I1119 20:07:09.620333 155119616 van.cc:439] 10 => 9. Meta: request=0, timestamp=18, app_id=0, customer_id=0, simple_app=0, push=1, head=0
I1119 20:07:09.620447 155119616 van.cc:439] 10 => 9. Meta: request=0, timestamp=19, app_id=0, customer_id=0, simple_app=0, push=1, head=0
I1119 20:07:09.620479 155119616 van.cc:439] 10 => 9. Meta: request=0, timestamp=20, app_id=0, customer_id=0, simple_app=0, push=1, head=0
I1119 20:07:09.620534 155119616 van.cc:439] 10 => 9. Meta: request=0, timestamp=21, app_id=0, customer_id=0, simple_app=0, push=1, head=0
I1119 20:07:09.621134 112145856 van.cc:414] ? => 8. Meta: request=1, timestamp=23, app_id=0, customer_id=0, simple_app=0, push=1, head=0, data_type={ UINT64 FLOAT } Body: data_size=40008 data_size=20004
I1119 20:07:09.621182 112145856 van.cc:414] ? => 10. Meta: request=1, timestamp=23, app_id=0, customer_id=0, simple_app=0, push=1, head=0, data_type={ UINT64 FLOAT } Body: data_size=39992 data_size=19996
I1119 20:07:09.621304 112145856 van.cc:414] ? => 8. Meta: request=1, timestamp=24, app_id=0, customer_id=0, simple_app=0, push=1, head=0, data_type={ UINT64 FLOAT } Body: data_size=40008 data_size=20004
I1119 20:07:09.621337 112145856 van.cc:414] ? => 10. Meta: request=1, timestamp=24, app_id=0, customer_id=0, simple_app=0, push=1, head=0, data_type={ UINT64 FLOAT } Body: data_size=39992 data_size=19996
I1119 20:07:09.621469 112145856 van.cc:414] ? => 8. Meta: request=1, timestamp=25, app_id=0, customer_id=0, simple_app=0, push=1, head=0, data_type={ UINT64 FLOAT } Body: data_size=40008 data_size=20004
I1119 20:07:09.621497 112145856 van.cc:414] ? => 10. Meta: request=1, timestamp=25, app_id=0, customer_id=0, simple_app=0, push=1, head=0, data_type={ UINT64 FLOAT } Body: data_size=39992 data_size=19996
I1119 20:07:09.621654 112145856 van.cc:414] ? => 8. Meta: request=1, timestamp=26, app_id=0, customer_id=0, simple_app=0, push=1, head=0, data_type={ UINT64 FLOAT } Body: data_size=40008 data_size=20004
I1119 20:07:09.621693 112145856 van.cc:414] ? => 10. Meta: request=1, timestamp=26, app_id=0, customer_id=0, simple_app=0, push=1, head=0, data_type={ UINT64 FLOAT } Body: data_size=39992 data_size=19996
I1119 20:07:09.621750 112145856 van.cc:414] ? => 8. Meta: request=1, timestamp=27, app_id=0, customer_id=0, simple_app=0, push=1, head=0, data_type={ UINT64 FLOAT } Body: data_size=40008 data_size=20004
I1119 20:07:09.621784 112145856 van.cc:414] ? => 10. Meta: request=1, timestamp=27, app_id=0, customer_id=0, simple_app=0, push=1, head=0, data_type={ UINT64 FLOAT } Body: data_size=39992 data_size=19996
I1119 20:07:09.621840 112145856 van.cc:414] ? => 8. Meta: request=1, timestamp=28, app_id=0, customer_id=0, simple_app=0, push=1, head=0, data_type={ UINT64 FLOAT } Body: data_size=40008 data_size=20004
I1119 20:07:09.621873 112145856 van.cc:414] ? => 10. Meta: request=1, timestamp=28, app_id=0, customer_id=0, simple_app=0, push=1, head=0, data_type={ UINT64 FLOAT } Body: data_size=39992 data_size=19996
I1119 20:07:09.621980 112145856 van.cc:414] ? => 8. Meta: request=1, timestamp=29, app_id=0, customer_id=0, simple_app=0, push=1, head=0, data_type={ UINT64 FLOAT } Body: data_size=40008 data_size=20004
I1119 20:07:09.622014 112145856 van.cc:414] ? => 10. Meta: request=1, timestamp=29, app_id=0, customer_id=0, simple_app=0, push=1, head=0, data_type={ UINT64 FLOAT } Body: data_size=39992 data_size=19996
I1119 20:07:09.622073 112145856 van.cc:414] ? => 8. Meta: request=1, timestamp=30, app_id=0, customer_id=0, simple_app=0, push=1, head=0, data_type={ UINT64 FLOAT } Body: data_size=40008 data_size=20004
I1119 20:07:09.622108 112145856 van.cc:414] ? => 10. Meta: request=1, timestamp=30, app_id=0, customer_id=0, simple_app=0, push=1, head=0, data_type={ UINT64 FLOAT } Body: data_size=39992 data_size=19996
I1119 20:07:09.622164 112145856 van.cc:414] ? => 8. Meta: request=1, timestamp=31, app_id=0, customer_id=0, simple_app=0, push=1, head=0, data_type={ UINT64 FLOAT } Body: data_size=40008 data_size=20004
I1119 20:07:09.622202 112145856 van.cc:414] ? => 10. Meta: request=1, timestamp=31, app_id=0, customer_id=0, simple_app=0, push=1, head=0, data_type={ UINT64 FLOAT } Body: data_size=39992 data_size=19996
I1119 20:07:09.626586 155119616 van.cc:439] 8 => 9. Meta: request=0, timestamp=22, app_id=0, customer_id=0, simple_app=0, push=1, head=0
I1119 20:07:09.626646 155119616 van.cc:439] 10 => 9. Meta: request=0, timestamp=22, app_id=0, customer_id=0, simple_app=0, push=1, head=0
I1119 20:07:09.627141 155119616 van.cc:439] 8 => 9. Meta: request=0, timestamp=23, app_id=0, customer_id=0, simple_app=0, push=1, head=0
I1119 20:07:09.627189 155119616 van.cc:439] 8 => 9. Meta: request=0, timestamp=24, app_id=0, customer_id=0, simple_app=0, push=1, head=0
I1119 20:07:09.627226 155119616 van.cc:439] 8 => 9. Meta: request=0, timestamp=25, app_id=0, customer_id=0, simple_app=0, push=1, head=0
I1119 20:07:09.627259 155119616 van.cc:439] 8 => 9. Meta: request=0, timestamp=26, app_id=0, customer_id=0, simple_app=0, push=1, head=0
I1119 20:07:09.627408 112145856 van.cc:414] ? => 8. Meta: request=1, timestamp=32, app_id=0, customer_id=0, simple_app=0, push=1, head=0, data_type={ UINT64 FLOAT } Body: data_size=40008 data_size=20004
I1119 20:07:09.627460 112145856 van.cc:414] ? => 10. Meta: request=1, timestamp=32, app_id=0, customer_id=0, simple_app=0, push=1, head=0, data_type={ UINT64 FLOAT } Body: data_size=39992 data_size=19996
I1119 20:07:09.627573 155119616 van.cc:439] 8 => 9. Meta: request=0, timestamp=27, app_id=0, customer_id=0, simple_app=0, push=1, head=0
I1119 20:07:09.627635 155119616 van.cc:439] 10 => 9. Meta: request=0, timestamp=23, app_id=0, customer_id=0, simple_app=0, push=1, head=0
I1119 20:07:09.627715 155119616 van.cc:439] 8 => 9. Meta: request=0, timestamp=28, app_id=0, customer_id=0, simple_app=0, push=1, head=0
I1119 20:07:09.627774 155119616 van.cc:439] 8 => 9. Meta: request=0, timestamp=29, app_id=0, customer_id=0, simple_app=0, push=1, head=0
I1119 20:07:09.627821 155119616 van.cc:439] 8 => 9. Meta: request=0, timestamp=30, app_id=0, customer_id=0, simple_app=0, push=1, head=0
I1119 20:07:09.628154 155119616 van.cc:439] 10 => 9. Meta: request=0, timestamp=24, app_id=0, customer_id=0, simple_app=0, push=1, head=0
I1119 20:07:09.628345 112145856 van.cc:414] ? => 8. Meta: request=1, timestamp=33, app_id=0, customer_id=0, simple_app=0, push=1, head=0, data_type={ UINT64 FLOAT } Body: data_size=40008 data_size=20004
I1119 20:07:09.628450 112145856 van.cc:414] ? => 10. Meta: request=1, timestamp=33, app_id=0, customer_id=0, simple_app=0, push=1, head=0, data_type={ UINT64 FLOAT } Body: data_size=39992 data_size=19996
I1119 20:07:09.629115 155119616 van.cc:439] 8 => 9. Meta: request=0, timestamp=31, app_id=0, customer_id=0, simple_app=0, push=1, head=0
I1119 20:07:09.629317 112145856 van.cc:414] ? => 8. Meta: request=1, timestamp=34, app_id=0, customer_id=0, simple_app=0, push=1, head=0, data_type={ UINT64 FLOAT } Body: data_size=40008 data_size=20004
I1119 20:07:09.629382 112145856 van.cc:414] ? => 10. Meta: request=1, timestamp=34, app_id=0, customer_id=0, simple_app=0, push=1, head=0, data_type={ UINT64 FLOAT } Body: data_size=39992 data_size=19996
I1119 20:07:09.629725 155119616 van.cc:439] 10 => 9. Meta: request=0, timestamp=25, app_id=0, customer_id=0, simple_app=0, push=1, head=0
I1119 20:07:09.629765 155119616 van.cc:439] 10 => 9. Meta: request=0, timestamp=26, app_id=0, customer_id=0, simple_app=0, push=1, head=0
I1119 20:07:09.629793 155119616 van.cc:439] 10 => 9. Meta: request=0, timestamp=27, app_id=0, customer_id=0, simple_app=0, push=1, head=0
I1119 20:07:09.630122 155119616 van.cc:439] 10 => 9. Meta: request=0, timestamp=28, app_id=0, customer_id=0, simple_app=0, push=1, head=0
I1119 20:07:09.630223 112145856 van.cc:414] ? => 8. Meta: request=1, timestamp=35, app_id=0, customer_id=0, simple_app=0, push=1, head=0, data_type={ UINT64 FLOAT } Body: data_size=40008 data_size=20004
I1119 20:07:09.630261 112145856 van.cc:414] ? => 10. Meta: request=1, timestamp=35, app_id=0, customer_id=0, simple_app=0, push=1, head=0, data_type={ UINT64 FLOAT } Body: data_size=39992 data_size=19996
I1119 20:07:09.630404 112145856 van.cc:414] ? => 8. Meta: request=1, timestamp=36, app_id=0, customer_id=0, simple_app=0, push=1, head=0, data_type={ UINT64 FLOAT } Body: data_size=40008 data_size=20004
I1119 20:07:09.630446 112145856 van.cc:414] ? => 10. Meta: request=1, timestamp=36, app_id=0, customer_id=0, simple_app=0, push=1, head=0, data_type={ UINT64 FLOAT } Body: data_size=39992 data_size=19996
I1119 20:07:09.630506 112145856 van.cc:414] ? => 8. Meta: request=1, timestamp=37, app_id=0, customer_id=0, simple_app=0, push=1, head=0, data_type={ UINT64 FLOAT } Body: data_size=40008 data_size=20004
I1119 20:07:09.630542 112145856 van.cc:414] ? => 10. Meta: request=1, timestamp=37, app_id=0, customer_id=0, simple_app=0, push=1, head=0, data_type={ UINT64 FLOAT } Body: data_size=39992 data_size=19996
I1119 20:07:09.630599 112145856 van.cc:414] ? => 8. Meta: request=1, timestamp=38, app_id=0, customer_id=0, simple_app=0, push=1, head=0, data_type={ UINT64 FLOAT } Body: data_size=40008 data_size=20004
I1119 20:07:09.630651 112145856 van.cc:414] ? => 10. Meta: request=1, timestamp=38, app_id=0, customer_id=0, simple_app=0, push=1, head=0, data_type={ UINT64 FLOAT } Body: data_size=39992 data_size=19996
I1119 20:07:09.631531 155119616 van.cc:439] 10 => 9. Meta: request=0, timestamp=29, app_id=0, customer_id=0, simple_app=0, push=1, head=0
I1119 20:07:09.631583 155119616 van.cc:439] 10 => 9. Meta: request=0, timestamp=30, app_id=0, customer_id=0, simple_app=0, push=1, head=0
I1119 20:07:09.631613 155119616 van.cc:439] 10 => 9. Meta: request=0, timestamp=31, app_id=0, customer_id=0, simple_app=0, push=1, head=0
I1119 20:07:09.632325 112145856 van.cc:414] ? => 8. Meta: request=1, timestamp=39, app_id=0, customer_id=0, simple_app=0, push=1, head=0, data_type={ UINT64 FLOAT } Body: data_size=40008 data_size=20004
I1119 20:07:09.632376 112145856 van.cc:414] ? => 10. Meta: request=1, timestamp=39, app_id=0, customer_id=0, simple_app=0, push=1, head=0, data_type={ UINT64 FLOAT } Body: data_size=39992 data_size=19996
I1119 20:07:09.632467 112145856 van.cc:414] ? => 8. Meta: request=1, timestamp=40, app_id=0, customer_id=0, simple_app=0, push=1, head=0, data_type={ UINT64 FLOAT } Body: data_size=40008 data_size=20004
I1119 20:07:09.632504 112145856 van.cc:414] ? => 10. Meta: request=1, timestamp=40, app_id=0, customer_id=0, simple_app=0, push=1, head=0, data_type={ UINT64 FLOAT } Body: data_size=39992 data_size=19996
I1119 20:07:09.632560 112145856 van.cc:414] ? => 8. Meta: request=1, timestamp=41, app_id=0, customer_id=0, simple_app=0, push=1, head=0, data_type={ UINT64 FLOAT } Body: data_size=40008 data_size=20004
I1119 20:07:09.632589 112145856 van.cc:414] ? => 10. Meta: request=1, timestamp=41, app_id=0, customer_id=0, simple_app=0, push=1, head=0, data_type={ UINT64 FLOAT } Body: data_size=39992 data_size=19996
I1119 20:07:09.635607 155119616 van.cc:439] 8 => 9. Meta: request=0, timestamp=32, app_id=0, customer_id=0, simple_app=0, push=1, head=0
I1119 20:07:09.636299 155119616 van.cc:439] 8 => 9. Meta: request=0, timestamp=33, app_id=0, customer_id=0, simple_app=0, push=1, head=0
I1119 20:07:09.636386 155119616 van.cc:439] 8 => 9. Meta: request=0, timestamp=34, app_id=0, customer_id=0, simple_app=0, push=1, head=0
I1119 20:07:09.636459 155119616 van.cc:439] 8 => 9. Meta: request=0, timestamp=35, app_id=0, customer_id=0, simple_app=0, push=1, head=0
I1119 20:07:09.636517 155119616 van.cc:439] 8 => 9. Meta: request=0, timestamp=36, app_id=0, customer_id=0, simple_app=0, push=1, head=0
I1119 20:07:09.636549 155119616 van.cc:439] 8 => 9. Meta: request=0, timestamp=37, app_id=0, customer_id=0, simple_app=0, push=1, head=0
I1119 20:07:09.636993 155119616 van.cc:439] 8 => 9. Meta: request=0, timestamp=38, app_id=0, customer_id=0, simple_app=0, push=1, head=0
I1119 20:07:09.637223 155119616 van.cc:439] 8 => 9. Meta: request=0, timestamp=39, app_id=0, customer_id=0, simple_app=0, push=1, head=0
I1119 20:07:09.637435 155119616 van.cc:439] 8 => 9. Meta: request=0, timestamp=40, app_id=0, customer_id=0, simple_app=0, push=1, head=0
I1119 20:07:09.638414 155119616 van.cc:439] 8 => 9. Meta: request=0, timestamp=41, app_id=0, customer_id=0, simple_app=0, push=1, head=0
I1119 20:07:09.638762 155119616 van.cc:439] 10 => 9. Meta: request=0, timestamp=32, app_id=0, customer_id=0, simple_app=0, push=1, head=0
I1119 20:07:09.638898 112145856 van.cc:414] ? => 8. Meta: request=1, timestamp=42, app_id=0, customer_id=0, simple_app=0, push=1, head=0, data_type={ UINT64 FLOAT } Body: data_size=40008 data_size=20004
I1119 20:07:09.638967 112145856 van.cc:414] ? => 10. Meta: request=1, timestamp=42, app_id=0, customer_id=0, simple_app=0, push=1, head=0, data_type={ UINT64 FLOAT } Body: data_size=39992 data_size=19996
I1119 20:07:09.639284 155119616 van.cc:439] 10 => 9. Meta: request=0, timestamp=33, app_id=0, customer_id=0, simple_app=0, push=1, head=0
I1119 20:07:09.639592 112145856 van.cc:414] ? => 8. Meta: request=1, timestamp=43, app_id=0, customer_id=0, simple_app=0, push=1, head=0, data_type={ UINT64 FLOAT } Body: data_size=40008 data_size=20004
I1119 20:07:09.639700 112145856 van.cc:414] ? => 10. Meta: request=1, timestamp=43, app_id=0, customer_id=0, simple_app=0, push=1, head=0, data_type={ UINT64 FLOAT } Body: data_size=39992 data_size=19996
I1119 20:07:09.640611 155119616 van.cc:439] 10 => 9. Meta: request=0, timestamp=34, app_id=0, customer_id=0, simple_app=0, push=1, head=0
I1119 20:07:09.641297 112145856 van.cc:414] ? => 8. Meta: request=1, timestamp=44, app_id=0, customer_id=0, simple_app=0, push=1, head=0, data_type={ UINT64 FLOAT } Body: data_size=40008 data_size=20004
I1119 20:07:09.641373 112145856 van.cc:414] ? => 10. Meta: request=1, timestamp=44, app_id=0, customer_id=0, simple_app=0, push=1, head=0, data_type={ UINT64 FLOAT } Body: data_size=39992 data_size=19996
I1119 20:07:09.641440 155119616 van.cc:439] 10 => 9. Meta: request=0, timestamp=35, app_id=0, customer_id=0, simple_app=0, push=1, head=0
I1119 20:07:09.641494 155119616 van.cc:439] 8 => 9. Meta: request=0, timestamp=42, app_id=0, customer_id=0, simple_app=0, push=1, head=0
I1119 20:07:09.641752 155119616 van.cc:439] 8 => 9. Meta: request=0, timestamp=43, app_id=0, customer_id=0, simple_app=0, push=1, head=0
I1119 20:07:09.641779 112145856 van.cc:414] ? => 8. Meta: request=1, timestamp=45, app_id=0, customer_id=0, simple_app=0, push=1, head=0, data_type={ UINT64 FLOAT } Body: data_size=40008 data_size=20004
I1119 20:07:09.641820 155119616 van.cc:439] 10 => 9. Meta: request=0, timestamp=36, app_id=0, customer_id=0, simple_app=0, push=1, head=0
I1119 20:07:09.641937 112145856 van.cc:414] ? => 10. Meta: request=1, timestamp=45, app_id=0, customer_id=0, simple_app=0, push=1, head=0, data_type={ UINT64 FLOAT } Body: data_size=39992 data_size=19996
I1119 20:07:09.642192 155119616 van.cc:439] 10 => 9. Meta: request=0, timestamp=37, app_id=0, customer_id=0, simple_app=0, push=1, head=0
I1119 20:07:09.642438 112145856 van.cc:414] ? => 8. Meta: request=1, timestamp=46, app_id=0, customer_id=0, simple_app=0, push=1, head=0, data_type={ UINT64 FLOAT } Body: data_size=40008 data_size=20004
I1119 20:07:09.642599 155119616 van.cc:439] 10 => 9. Meta: request=0, timestamp=38, app_id=0, customer_id=0, simple_app=0, push=1, head=0
I1119 20:07:09.642758 112145856 van.cc:414] ? => 10. Meta: request=1, timestamp=46, app_id=0, customer_id=0, simple_app=0, push=1, head=0, data_type={ UINT64 FLOAT } Body: data_size=39992 data_size=19996
I1119 20:07:09.642813 155119616 van.cc:439] 10 => 9. Meta: request=0, timestamp=39, app_id=0, customer_id=0, simple_app=0, push=1, head=0
I1119 20:07:09.642827 112145856 van.cc:414] ? => 8. Meta: request=1, timestamp=47, app_id=0, customer_id=0, simple_app=0, push=1, head=0, data_type={ UINT64 FLOAT } Body: data_size=40008 data_size=20004
I1119 20:07:09.642849 155119616 van.cc:439] 10 => 9. Meta: request=0, timestamp=40, app_id=0, customer_id=0, simple_app=0, push=1, head=0
I1119 20:07:09.642861 112145856 van.cc:414] ? => 10. Meta: request=1, timestamp=47, app_id=0, customer_id=0, simple_app=0, push=1, head=0, data_type={ UINT64 FLOAT } Body: data_size=39992 data_size=19996
I1119 20:07:09.642895 155119616 van.cc:439] 8 => 9. Meta: request=0, timestamp=44, app_id=0, customer_id=0, simple_app=0, push=1, head=0
I1119 20:07:09.643021 112145856 van.cc:414] ? => 8. Meta: request=1, timestamp=48, app_id=0, customer_id=0, simple_app=0, push=1, head=0, data_type={ UINT64 FLOAT } Body: data_size=40008 data_size=20004
I1119 20:07:09.643065 112145856 van.cc:414] ? => 10. Meta: request=1, timestamp=48, app_id=0, customer_id=0, simple_app=0, push=1, head=0, data_type={ UINT64 FLOAT } Body: data_size=39992 data_size=19996
I1119 20:07:09.643141 112145856 van.cc:414] ? => 8. Meta: request=1, timestamp=49, app_id=0, customer_id=0, simple_app=0, push=1, head=0, data_type={ UINT64 FLOAT } Body: data_size=40008 data_size=20004
I1119 20:07:09.643177 112145856 van.cc:414] ? => 10. Meta: request=1, timestamp=49, app_id=0, customer_id=0, simple_app=0, push=1, head=0, data_type={ UINT64 FLOAT } Body: data_size=39992 data_size=19996
I1119 20:07:09.643602 155119616 van.cc:439] 10 => 9. Meta: request=0, timestamp=41, app_id=0, customer_id=0, simple_app=0, push=1, head=0
I1119 20:07:09.643900 155119616 van.cc:439] 8 => 9. Meta: request=0, timestamp=45, app_id=0, customer_id=0, simple_app=0, push=1, head=0
I1119 20:07:09.643939 155119616 van.cc:439] 8 => 9. Meta: request=0, timestamp=46, app_id=0, customer_id=0, simple_app=0, push=1, head=0
I1119 20:07:09.645557 155119616 van.cc:439] 8 => 9. Meta: request=0, timestamp=47, app_id=0, customer_id=0, simple_app=0, push=1, head=0
I1119 20:07:09.645627 155119616 van.cc:439] 8 => 9. Meta: request=0, timestamp=48, app_id=0, customer_id=0, simple_app=0, push=1, head=0
I1119 20:07:09.645704 155119616 van.cc:439] 8 => 9. Meta: request=0, timestamp=49, app_id=0, customer_id=0, simple_app=0, push=1, head=0
I1119 20:07:09.647588 155119616 van.cc:439] 10 => 9. Meta: request=0, timestamp=42, app_id=0, customer_id=0, simple_app=0, push=1, head=0
I1119 20:07:09.647858 155119616 van.cc:439] 10 => 9. Meta: request=0, timestamp=43, app_id=0, customer_id=0, simple_app=0, push=1, head=0
I1119 20:07:09.648455 155119616 van.cc:439] 10 => 9. Meta: request=0, timestamp=44, app_id=0, customer_id=0, simple_app=0, push=1, head=0
I1119 20:07:09.648670 155119616 van.cc:439] 10 => 9. Meta: request=0, timestamp=45, app_id=0, customer_id=0, simple_app=0, push=1, head=0
I1119 20:07:09.649209 155119616 van.cc:439] 10 => 9. Meta: request=0, timestamp=46, app_id=0, customer_id=0, simple_app=0, push=1, head=0
I1119 20:07:09.649478 155119616 van.cc:439] 10 => 9. Meta: request=0, timestamp=47, app_id=0, customer_id=0, simple_app=0, push=1, head=0
I1119 20:07:09.649680 155119616 van.cc:439] 10 => 9. Meta: request=0, timestamp=48, app_id=0, customer_id=0, simple_app=0, push=1, head=0
I1119 20:07:09.649879 155119616 van.cc:439] 10 => 9. Meta: request=0, timestamp=49, app_id=0, customer_id=0, simple_app=0, push=1, head=0
I1119 20:07:09.649991 112145856 van.cc:414] ? => 8. Meta: request=1, timestamp=50, app_id=0, customer_id=0, simple_app=0, push=0, head=0, data_type={ UINT64 FLOAT } Body: data_size=40008 data_size=0
I1119 20:07:09.650082 112145856 van.cc:414] ? => 10. Meta: request=1, timestamp=50, app_id=0, customer_id=0, simple_app=0, push=0, head=0, data_type={ UINT64 FLOAT } Body: data_size=39992 data_size=0
I1119 20:07:09.650959 155119616 van.cc:439] 8 => 9. Meta: request=0, timestamp=50, app_id=0, customer_id=0, simple_app=0, push=0, head=0, data_type={ UINT64 FLOAT } Body: data_size=40008 data_size=20004
I1119 20:07:09.651906 155119616 van.cc:439] 10 => 9. Meta: request=0, timestamp=50, app_id=0, customer_id=0, simple_app=0, push=0, head=0, data_type={ UINT64 FLOAT } Body: data_size=39992 data_size=19996
E1119 20:07:09.652112 112145856 test_kv_app_2.cc:49] error: 0
I1119 20:07:09.654003 112145856 van.cc:414] ? => 1. Meta: request=1, timestamp=2, control={ cmd=BARRIER, barrier_group=7 }
I1119 20:07:09.655666 155119616 van.cc:439] 1 => 9. Meta: request=0, timestamp=13, control={ cmd=BARRIER, barrier_group=269327568 }
I1119 20:07:09.655851 112145856 zmq_van.h:50] W[9] is stopping
I1119 20:07:09.656111 155119616 van.cc:439] 9 => 9. Meta: request=0, control={ cmd=TERMINATE }
I1119 20:07:09.656167 155119616 van.cc:37] W[9] is stopped
